
> haisanfe@0.1.0 build
> next build

Γû▓ Next.js 16.1.6 (Turbopack)
- Environments: .env.local

node.exe : ΓÜá The "middleware" file convention 
is deprecated. Please use "proxy" instead. Learn 
more: https://nextjs.org/docs/messages/middleware
-to-proxy
At line:1 char:1
+ & "C:\Program Files\nodejs/node.exe" 
"C:\Program Files\nodejs/node_mo ...
+ ~~~~~~~~~~~~~~~~~~~~~~~~~~~~~~~~~~~~~~~~~~~~~~~
~~~~~~~~~~~~~~~~~~~~~~
    + CategoryInfo          : NotSpecified: (ΓÜá 
    The "middle...leware-to-proxy:String) [], R  
  emoteException
    + FullyQualifiedErrorId : NativeCommandError
 
  Creating an optimized production build ...
Γ£ô Compiled successfully in 8.0s
  Running TypeScript ...
Failed to compile.

./components/product/ProductDetailClient.tsx:53:2
4
Type error: 'product' is possibly 'undefined'.

[0m [90m 51 |[39m         
setAdding([36mtrue[39m)[33m;[39m
 [90m 52 |[39m         addItem({
[31m[1m>[22m[39m[90m 53 |[39m             
productId[33m:[39m 
product[33m.[39mid[33m,[39m
 [90m    |[39m                        
[31m[1m^[22m[39m
 [90m 54 |[39m             
productName[33m:[39m 
product[33m.[39mname[33m,[39m
 [90m 55 |[39m             
productImage[33m:[39m 
product[33m.[39mimages[[35m0[39m][33m,[39m
 [90m 56 |[39m             slug[33m:[39m 
product[33m.[39mslug[33m,[39m[0m
Next.js build worker exited with code: 1 and 
signal: null
